/workspace/research/daily-papers/replications/.venv/lib/python3.13/site-packages/statsmodels/regression/linear_model.py:2018: RuntimeWarning: invalid value encountered in scalar divide
  return 1 - self.ssr / self.centered_tss
600519 0
000858 0
601318 0
600036 0
000001 0
601166 0
600276 0
000333 0
600519 0
000858 0
601318 0
600036 0
000001 0
601166 0
600276 0
000333 0
002001 0
002008 0
300015 0
300124 0
002241 0
002475 0
300014 0
002460 0
002001 0
002008 0
300015 0
300124 0
002241 0
002475 0
300014 0
002460 0
{
  "means": {
    "treated_pre": 0.0,
    "treated_post": 0.0,
    "control_pre": 0.0,
    "control_post": 0.0,
    "simple_did": 0.0
  },
  "regression": {
    "n": 32,
    "params": {
      "const": 0.0,
      "treated": 0.0,
      "period": 0.0,
      "did": 0.0
    },
    "tvalues": {
      "const": NaN,
      "treated": NaN,
      "period": NaN,
      "did": NaN
    },
    "rsquared": NaN
  },
  "shock": {
    "date": "2019-08-19",
    "description": "Illustrative A-share liquidity-access shock: major expansion of margin-trading underlying list (两融标的扩容). Weaker than paper's 1997 Nasdaq Order Handling Rules.",
    "warning": "Do not claim causal replication; parallel trends unverified."
  }
}
Wrote /workspace/research/daily-papers/replications/hagenberg-liquidity-disclosure/results.json
